MPLINK 5.09, LINKER
Linker Map File - Created Mon Apr 18 08:31:39 2022

                                 Section Info
                  Section       Type    Address   Location Size(Bytes)
                ---------  ---------  ---------  ---------  ---------
                   .org_0       code   0x000000    program   0x000002
                   .cinit    romdata   0x000001    program   0x000004
                   .org_1       code   0x000005    program   0x00001a



                              Program Memory Usage 
                               Start         End      
                           ---------   ---------      
                            0x000000    0x000002      
                            0x000005    0x000011      
            16 out of 8455 program addresses used, program memory utilization is 0%



                              Symbols - Sorted by Name
                     Name    Address   Location    Storage File                     
                ---------  ---------  ---------  --------- ---------                
                CONVERTIR   0x00000c    program     static C:\Users\Bruno\Desktop\Important Stuff\Facultad\4° Año\1° Semestre\Electrónica Digital II\Ejercicios\EjerciciosED2\Ej3_11.asm
                    LETRA   0x000010    program     static C:\Users\Bruno\Desktop\Important Stuff\Facultad\4° Año\1° Semestre\Electrónica Digital II\Ejercicios\EjerciciosED2\Ej3_11.asm
                     MAIN   0x000005    program     static C:\Users\Bruno\Desktop\Important Stuff\Facultad\4° Año\1° Semestre\Electrónica Digital II\Ejercicios\EjerciciosED2\Ej3_11.asm
                   NUMERO   0x00000f    program     static C:\Users\Bruno\Desktop\Important Stuff\Facultad\4° Año\1° Semestre\Electrónica Digital II\Ejercicios\EjerciciosED2\Ej3_11.asm
             _.org_1_0011   0x000011    program     static C:\Users\Bruno\Desktop\Important Stuff\Facultad\4° Año\1° Semestre\Electrónica Digital II\Ejercicios\EjerciciosED2\Ej3_11.asm



                              Symbols - Sorted by Address
                     Name    Address   Location    Storage File                     
                ---------  ---------  ---------  --------- ---------                
                     MAIN   0x000005    program     static C:\Users\Bruno\Desktop\Important Stuff\Facultad\4° Año\1° Semestre\Electrónica Digital II\Ejercicios\EjerciciosED2\Ej3_11.asm
                CONVERTIR   0x00000c    program     static C:\Users\Bruno\Desktop\Important Stuff\Facultad\4° Año\1° Semestre\Electrónica Digital II\Ejercicios\EjerciciosED2\Ej3_11.asm
                   NUMERO   0x00000f    program     static C:\Users\Bruno\Desktop\Important Stuff\Facultad\4° Año\1° Semestre\Electrónica Digital II\Ejercicios\EjerciciosED2\Ej3_11.asm
                    LETRA   0x000010    program     static C:\Users\Bruno\Desktop\Important Stuff\Facultad\4° Año\1° Semestre\Electrónica Digital II\Ejercicios\EjerciciosED2\Ej3_11.asm
             _.org_1_0011   0x000011    program     static C:\Users\Bruno\Desktop\Important Stuff\Facultad\4° Año\1° Semestre\Electrónica Digital II\Ejercicios\EjerciciosED2\Ej3_11.asm


