MPLINK 5.09, LINKER
Linker Map File - Created Wed Apr 13 14:12:58 2022

                                 Section Info
                  Section       Type    Address   Location Size(Bytes)
                ---------  ---------  ---------  ---------  ---------
                   .org_0       code   0x000000    program   0x000002
                   .cinit    romdata   0x000001    program   0x000004
                   .org_1       code   0x000005    program   0x000016
.config_2007_BUILD/DEFAULT/DEBUG/EJ3_8.O       code   0x002007    program   0x000002
.config_2008_BUILD/DEFAULT/DEBUG/EJ3_8.O       code   0x002008    program   0x000002



                              Program Memory Usage 
                               Start         End      
                           ---------   ---------      
                            0x000000    0x000002      
                            0x000005    0x00000f      
                            0x002007    0x002008      
            16 out of 8455 program addresses used, program memory utilization is 0%



                              Symbols - Sorted by Name
                     Name    Address   Location    Storage File                     
                ---------  ---------  ---------  --------- ---------                
                     FULL   0x00000c    program     static C:\Users\Bruno\MPLABXProjects\Ejercicios.X\Ej3_8.asm
                     MAIN   0x000005    program     static C:\Users\Bruno\MPLABXProjects\Ejercicios.X\Ej3_8.asm
             _.org_1_000F   0x00000f    program     static C:\Users\Bruno\MPLABXProjects\Ejercicios.X\Ej3_8.asm



                              Symbols - Sorted by Address
                     Name    Address   Location    Storage File                     
                ---------  ---------  ---------  --------- ---------                
                     MAIN   0x000005    program     static C:\Users\Bruno\MPLABXProjects\Ejercicios.X\Ej3_8.asm
                     FULL   0x00000c    program     static C:\Users\Bruno\MPLABXProjects\Ejercicios.X\Ej3_8.asm
             _.org_1_000F   0x00000f    program     static C:\Users\Bruno\MPLABXProjects\Ejercicios.X\Ej3_8.asm


