MPLINK 5.09, LINKER
Linker Map File - Created Wed May 11 09:32:30 2022

                                 Section Info
                  Section       Type    Address   Location Size(Bytes)
                ---------  ---------  ---------  ---------  ---------
                   .org_0       code   0x000000    program   0x000002
                   .cinit    romdata   0x000001    program   0x000004
                   .org_1       code   0x000005    program   0x000058
.config_2007_BUILD/DEFAULT/PRODUCTION/EJ_SCAN       code   0x002007    program   0x000002
.config_2008_BUILD/DEFAULT/PRODUCTION/EJ_SCAN       code   0x002008    program   0x000002



                              Program Memory Usage 
                               Start         End      
                           ---------   ---------      
                            0x000000    0x000002      
                            0x000005    0x000030      
                            0x002007    0x002008      
            49 out of 8455 program addresses used, program memory utilization is 0%



                              Symbols - Sorted by Name
                     Name    Address   Location    Storage File                     
                ---------  ---------  ---------  --------- ---------                
                    DELAY   0x00002c    program     static C:\Users\Bruno\Desktop\Important Stuff\Facultad\4° Año\1° Semestre\Electrónica Digital II\Ejercicios\EjerciciosED2\Ej_ScanTecladoPolling.asm
                   INICIO   0x000005    program     static C:\Users\Bruno\Desktop\Important Stuff\Facultad\4° Año\1° Semestre\Electrónica Digital II\Ejercicios\EjerciciosED2\Ej_ScanTecladoPolling.asm
                     SCAN   0x000010    program     static C:\Users\Bruno\Desktop\Important Stuff\Facultad\4° Año\1° Semestre\Electrónica Digital II\Ejercicios\EjerciciosED2\Ej_ScanTecladoPolling.asm
                SCAN_NEXT   0x000013    program     static C:\Users\Bruno\Desktop\Important Stuff\Facultad\4° Año\1° Semestre\Electrónica Digital II\Ejercicios\EjerciciosED2\Ej_ScanTecladoPolling.asm
                   SR_KEY   0x000028    program     static C:\Users\Bruno\Desktop\Important Stuff\Facultad\4° Año\1° Semestre\Electrónica Digital II\Ejercicios\EjerciciosED2\Ej_ScanTecladoPolling.asm
             _.org_1_002F   0x00002f    program     static C:\Users\Bruno\Desktop\Important Stuff\Facultad\4° Año\1° Semestre\Electrónica Digital II\Ejercicios\EjerciciosED2\Ej_ScanTecladoPolling.asm



                              Symbols - Sorted by Address
                     Name    Address   Location    Storage File                     
                ---------  ---------  ---------  --------- ---------                
                   INICIO   0x000005    program     static C:\Users\Bruno\Desktop\Important Stuff\Facultad\4° Año\1° Semestre\Electrónica Digital II\Ejercicios\EjerciciosED2\Ej_ScanTecladoPolling.asm
                     SCAN   0x000010    program     static C:\Users\Bruno\Desktop\Important Stuff\Facultad\4° Año\1° Semestre\Electrónica Digital II\Ejercicios\EjerciciosED2\Ej_ScanTecladoPolling.asm
                SCAN_NEXT   0x000013    program     static C:\Users\Bruno\Desktop\Important Stuff\Facultad\4° Año\1° Semestre\Electrónica Digital II\Ejercicios\EjerciciosED2\Ej_ScanTecladoPolling.asm
                   SR_KEY   0x000028    program     static C:\Users\Bruno\Desktop\Important Stuff\Facultad\4° Año\1° Semestre\Electrónica Digital II\Ejercicios\EjerciciosED2\Ej_ScanTecladoPolling.asm
                    DELAY   0x00002c    program     static C:\Users\Bruno\Desktop\Important Stuff\Facultad\4° Año\1° Semestre\Electrónica Digital II\Ejercicios\EjerciciosED2\Ej_ScanTecladoPolling.asm
             _.org_1_002F   0x00002f    program     static C:\Users\Bruno\Desktop\Important Stuff\Facultad\4° Año\1° Semestre\Electrónica Digital II\Ejercicios\EjerciciosED2\Ej_ScanTecladoPolling.asm


